<html>
<body>
<pre>
<h1>µVision Build Log</h1>
<h2>Project:</h2>
C:\Users\CSE223\Downloads\ucos-ii\ucos-ii.uvproj
Project File Date:  12/05/2018

<h2>Output:</h2>
Build target 'Target 1'
compiling pong.c...
pong.c(59): warning:  #1295-D: Deprecated declaration kbdhit - give arg types
  int kbdhit();
pong.c(143): warning:  #167-D: argument of type "char *" is incompatible with parameter of type "unsigned char *"
                        GLCD_DisplayString(15, 15, 0, gamepause);
pong.c(179): warning:  #167-D: argument of type "char *" is incompatible with parameter of type "unsigned char *"
        GLCD_DisplayString(13, 7, 0, gameover);
pong.c(181): warning:  #167-D: argument of type "char *" is incompatible with parameter of type "unsigned char *"
        GLCD_DisplayString(15, 5, 0, gameover);
pong.c(65): warning:  #177-D: variable "buf" was declared but never referenced
                char buf [200];
pong.c(289): warning:  #167-D: argument of type "char *" is incompatible with parameter of type "unsigned char *"
          GLCD_DisplayString(0, wall->x / 2 - 7, 0, scorebuf);
pong.c: 6 warnings, 0 errors
linking...
Program Size: Code=23098 RO-data=7358 RW-data=680 ZI-data=13928  
".\ucos-ii.axf" - 0 Error(s), 6 Warning(s).
Load "C:\\Users\\CSE223\\Downloads\\ucos-ii\\ucos-ii.axf" 
Erase Done.
Programming Done.
Verify OK.
</pre>
</body>
</html>
